src/pages/admin/dashboard/Index.tsx(367,54): error TS2769: No overload matches this call.
  Overload 2 of 2, '(props: DefaultComponentProps<TypographyTypeMap<{}, "span">>): Element | null', gave the following error.
    Type '{}' is not assignable to type 'ReactNode'.
  Overload 2 of 2, '(props: DefaultComponentProps<TypographyTypeMap<{}, "span">>): Element | null', gave the following error.
    Type '{}' is not assignable to type 'ReactNode'.
src/pages/app/admin/users/Index.tsx(99,16): error TS18046: 'res' is of type 'unknown'.
src/pages/app/admin/users/Index.tsx(100,16): error TS18046: 'res' is of type 'unknown'.
src/pages/app/developer/DeveloperAudit.tsx(147,32): error TS18046: 'data' is of type 'unknown'.
src/pages/app/orgs/OrgsOrgId.tsx(120,16): error TS2345: Argument of type 'OrganizationDto' is not assignable to parameter of type 'SetStateAction<Org | null>'.
  Type 'OrganizationDto' is missing the following properties from type 'Org': createdAt, membersByRole, pendingInvites, ssoDomains, and 2 more.
src/pages/app/orgs/OrgsOrgIdDomainVerification.tsx(164,17): error TS2345: Argument of type 'OrgRole' is not assignable to parameter of type 'SetStateAction<OrgRole>'.
  Type '"Support"' is not assignable to type 'SetStateAction<OrgRole>'.
src/pages/app/orgs/OrgsOrgIdSettings.tsx(141,28): error TS2345: Argument of type 'OrgRole' is not assignable to parameter of type 'SetStateAction<DefaultInviteRole>'.
  Type '"Owner"' is not assignable to type 'SetStateAction<DefaultInviteRole>'.
src/pages/app/orgs/OrgsOrgIdSettings.tsx(145,21): error TS2345: Argument of type 'OrgRole' is not assignable to parameter of type 'SetStateAction<DefaultInviteRole>'.
src/pages/app/orgs/OrgsOrgIdSettings.tsx(224,48): error TS2345: Argument of type 'string | undefined' is not assignable to parameter of type 'string'.
  Type 'undefined' is not assignable to type 'string'.
src/pages/app/orgs/OrgsOrgIdSso.tsx(181,17): error TS2345: Argument of type 'OrgRole' is not assignable to parameter of type 'SetStateAction<OrgRole>'.
  Type '"Support"' is not assignable to type 'SetStateAction<OrgRole>'.
src/pages/app/parental/Index.tsx(578,9): error TS2322: Type 'Place | null' is not assignable to type 'Place | undefined'.
  Type 'null' is not assignable to type 'Place | undefined'.
src/pages/app/profile/ProfileContact.tsx(436,22): error TS18046: 'res' is of type 'unknown'.
src/pages/app/security/SecurityActivity.tsx(277,13): error TS2345: Argument of type '(logs: any[]) => void' is not assignable to parameter of type '(value: unknown) => void | PromiseLike<void>'.
  Types of parameters 'logs' and 'value' are incompatible.
    Type 'unknown' is not assignable to type 'any[]'.
src/pages/app/security/SecurityActivity.tsx(584,41): error TS2698: Spread types may only be created from object types.
src/pages/app/security/SecurityPasskeys.tsx(236,47): error TS2345: Argument of type 'unknown' is not assignable to parameter of type '{ optionsJSON: PublicKeyCredentialCreationOptionsJSON; useAutoRegister?: boolean | undefined; }'.
src/pages/app/security/SecurityPasskeys.tsx(240,11): error TS18046: 'verification' is of type 'unknown'.
src/pages/app/wallet/WalletKyc.tsx(183,17): error TS18046: 'res' is of type 'unknown'.
src/pages/app/wallet/WalletLimits.tsx(198,22): error TS2339: Property 'tier' does not exist on type '{}'.
src/pages/app/wallet/WalletLimits.tsx(199,21): error TS2339: Property 'tier' does not exist on type '{}'.
src/pages/app/wallet/WalletPaymentMethods.tsx(348,18): error TS2345: Argument of type '{ id: string; type: MethodType; provider: Provider; label: {}; masked: {}; verified: boolean; isDefault: boolean; addedAt: number; }[]' is not assignable to parameter of type 'SetStateAction<PaymentMethod[]>'.
  Type '{ id: string; type: MethodType; provider: Provider; label: {}; masked: {}; verified: boolean; isDefault: boolean; addedAt: number; }[]' is not assignable to type 'PaymentMethod[]'.
    Type '{ id: string; type: MethodType; provider: Provider; label: {}; masked: {}; verified: boolean; isDefault: boolean; addedAt: number; }' is not assignable to type 'PaymentMethod'.
      Types of property 'label' are incompatible.
        Type '{}' is not assignable to type 'string'.
