src/features/auth/verify-email/Index.tsx(501,26): error TS2769: No overload matches this call.
  Overload 1 of 3, '(props: { href: string; } & ButtonOwnProps & Omit<ButtonBaseOwnProps, "classes"> & CommonProps & Omit<Omit<DetailedHTMLProps<AnchorHTMLAttributes<HTMLAnchorElement>, HTMLAnchorElement>, "ref"> & { ...; }, "children" | ... 24 more ... | "startIcon">): Element', gave the following error.
    Type '(codeOverride?: string, emailOverride?: string) => Promise<void>' is not assignable to type 'MouseEventHandler<HTMLAnchorElement>'.
      Types of parameters 'codeOverride' and 'event' are incompatible.
        Type 'MouseEvent<HTMLAnchorElement, MouseEvent>' is not assignable to type 'string'.
  Overload 2 of 3, '(props: { component: ElementType<any, keyof IntrinsicElements>; } & ButtonOwnProps & Omit<ButtonBaseOwnProps, "classes"> & CommonProps & Omit<...>): Element | null', gave the following error.
    Property 'component' is missing in type '{ children: string; variant: "contained"; color: "secondary"; endIcon: Element; sx: { readonly backgroundColor: "#f77f00"; readonly color: "#FFFFFF"; readonly boxShadow: `0 18px 48px ${string}`; readonly "&:hover": { ...; }; readonly "&:active": { ...; }; }; onClick: (codeOverride?: string | undefined, emailOverride...' but required in type '{ component: ElementType<any, keyof IntrinsicElements>; }'.
  Overload 3 of 3, '(props: DefaultComponentProps<ExtendButtonBaseTypeMap<ButtonTypeMap<{}, "button">>>): Element | null', gave the following error.
    Type '(codeOverride?: string, emailOverride?: string) => Promise<void>' is not assignable to type 'MouseEventHandler<HTMLButtonElement>'.
      Types of parameters 'codeOverride' and 'event' are incompatible.
        Type 'MouseEvent<HTMLButtonElement, MouseEvent>' is not assignable to type 'string'.
src/features/security/SecurityActivity.tsx(280,15): error TS2322: Type '{ id: string; when: number | undefined; device: string; method: LoginMethod; location: string; ip: string; status: "success" | "failure"; risk: RiskTag[]; }[]' is not assignable to type 'LoginEvent[]'.
  Type '{ id: string; when: number | undefined; device: string; method: LoginMethod; location: string; ip: string; status: "success" | "failure"; risk: RiskTag[]; }' is not assignable to type 'LoginEvent'.
    Types of property 'when' are incompatible.
      Type 'number | undefined' is not assignable to type 'number'.
        Type 'undefined' is not assignable to type 'number'.
src/features/security/SecuritySessions.tsx(161,13): error TS2322: Type '{ id: string; isCurrent: boolean; deviceLabel: string; os: string; browser: string; location: string; ip: string; lastActiveAt: number; createdAt: number; trust: "trusted"; risk: IRiskTag[]; }[]' is not assignable to type 'ISession[]'.
  Property 'lastUsedAt' is missing in type '{ id: string; isCurrent: boolean; deviceLabel: string; os: string; browser: string; location: string; ip: string; lastActiveAt: number; createdAt: number; trust: "trusted"; risk: IRiskTag[]; }' but required in type 'ISession'.
src/features/security/SecuritySessions.tsx(217,23): error TS18048: 'b.lastActiveAt' is possibly 'undefined'.
src/features/security/SecuritySessions.tsx(217,40): error TS18048: 'a.lastActiveAt' is possibly 'undefined'.
src/features/security/SecuritySessions.tsx(427,50): error TS2345: Argument of type 'number | undefined' is not assignable to parameter of type 'number'.
  Type 'undefined' is not assignable to type 'number'.
