node_modules/@mui/utils/chainPropTypes/chainPropTypes.d.ts(1,8): error TS1259: Module '"C:/Users/dev_fx/Desktop/all the work/evzone-myaccounts-portal/node_modules/@types/prop-types/index"' can only be default-imported using the 'esModuleInterop' flag
node_modules/@mui/utils/elementAcceptingRef/elementAcceptingRef.d.ts(1,8): error TS1259: Module '"C:/Users/dev_fx/Desktop/all the work/evzone-myaccounts-portal/node_modules/@types/prop-types/index"' can only be default-imported using the 'esModuleInterop' flag
node_modules/@mui/utils/elementTypeAcceptingRef/elementTypeAcceptingRef.d.ts(1,8): error TS1259: Module '"C:/Users/dev_fx/Desktop/all the work/evzone-myaccounts-portal/node_modules/@types/prop-types/index"' can only be default-imported using the 'esModuleInterop' flag
node_modules/@mui/utils/integerPropType/integerPropType.d.ts(1,8): error TS1259: Module '"C:/Users/dev_fx/Desktop/all the work/evzone-myaccounts-portal/node_modules/@types/prop-types/index"' can only be default-imported using the 'esModuleInterop' flag
node_modules/@mui/utils/refType/refType.d.ts(1,8): error TS1259: Module '"C:/Users/dev_fx/Desktop/all the work/evzone-myaccounts-portal/node_modules/@types/prop-types/index"' can only be default-imported using the 'esModuleInterop' flag
src/pages/admin/users/Index.tsx(1,8): error TS1259: Module '"C:/Users/dev_fx/Desktop/all the work/evzone-myaccounts-portal/node_modules/@types/react/index"' can only be default-imported using the 'esModuleInterop' flag
src/pages/admin/users/Index.tsx(5,24): error TS6142: Module '../../../components/common/Pagination' was resolved to 'C:/Users/dev_fx/Desktop/all the work/evzone-myaccounts-portal/src/components/common/Pagination.tsx', but '--jsx' is not set.
src/pages/admin/users/Index.tsx(419,9): error TS17004: Cannot use JSX unless the '--jsx' flag is provided.
src/pages/admin/users/Index.tsx(420,13): error TS17004: Cannot use JSX unless the '--jsx' flag is provided.
src/pages/admin/users/Index.tsx(420,71): error TS17004: Cannot use JSX unless the '--jsx' flag is provided.
src/pages/admin/users/Index.tsx(423,13): error TS17004: Cannot use JSX unless the '--jsx' flag is provided.
src/pages/admin/users/Index.tsx(423,71): error TS17004: Cannot use JSX unless the '--jsx' flag is provided.
src/pages/admin/users/Index.tsx(427,17): error TS17004: Cannot use JSX unless the '--jsx' flag is provided.
src/pages/admin/users/Index.tsx(427,77): error TS17004: Cannot use JSX unless the '--jsx' flag is provided.
src/pages/admin/users/Index.tsx(431,17): error TS17004: Cannot use JSX unless the '--jsx' flag is provided.
src/pages/admin/users/Index.tsx(431,77): error TS17004: Cannot use JSX unless the '--jsx' flag is provided.
src/pages/admin/users/Index.tsx(435,13): error TS17004: Cannot use JSX unless the '--jsx' flag is provided.
src/pages/admin/users/Index.tsx(435,65): error TS17004: Cannot use JSX unless the '--jsx' flag is provided.
src/pages/admin/users/Index.tsx(443,16): error TS17004: Cannot use JSX unless the '--jsx' flag is provided.
src/pages/admin/users/Index.tsx(447,16): error TS17004: Cannot use JSX unless the '--jsx' flag is provided.
src/pages/admin/users/Index.tsx(451,16): error TS17004: Cannot use JSX unless the '--jsx' flag is provided.
src/pages/admin/users/Index.tsx(455,9): error TS17004: Cannot use JSX unless the '--jsx' flag is provided.
src/pages/admin/users/Index.tsx(457,13): error TS17004: Cannot use JSX unless the '--jsx' flag is provided.
src/pages/admin/users/Index.tsx(458,17): error TS17004: Cannot use JSX unless the '--jsx' flag is provided.
src/pages/admin/users/Index.tsx(459,21): error TS17004: Cannot use JSX unless the '--jsx' flag is provided.
src/pages/admin/users/Index.tsx(460,25): error TS17004: Cannot use JSX unless the '--jsx' flag is provided.
src/pages/admin/users/Index.tsx(461,29): error TS17004: Cannot use JSX unless the '--jsx' flag is provided.
src/pages/admin/users/Index.tsx(462,33): error TS17004: Cannot use JSX unless the '--jsx' flag is provided.
src/pages/admin/users/Index.tsx(463,37): error TS17004: Cannot use JSX unless the '--jsx' flag is provided.
src/pages/admin/users/Index.tsx(464,41): error TS17004: Cannot use JSX unless the '--jsx' flag is provided.
src/pages/admin/users/Index.tsx(465,41): error TS17004: Cannot use JSX unless the '--jsx' flag is provided.
src/pages/admin/users/Index.tsx(469,37): error TS17004: Cannot use JSX unless the '--jsx' flag is provided.
src/pages/admin/users/Index.tsx(470,41): error TS17004: Cannot use JSX unless the '--jsx' flag is provided.
src/pages/admin/users/Index.tsx(470,100): error TS17004: Cannot use JSX unless the '--jsx' flag is provided.
src/pages/admin/users/Index.tsx(476,33): error TS17004: Cannot use JSX unless the '--jsx' flag is provided.
src/pages/admin/users/Index.tsx(478,33): error TS17004: Cannot use JSX unless the '--jsx' flag is provided.
src/pages/admin/users/Index.tsx(479,37): error TS17004: Cannot use JSX unless the '--jsx' flag is provided.
src/pages/admin/users/Index.tsx(484,72): error TS17004: Cannot use JSX unless the '--jsx' flag is provided.
src/pages/admin/users/Index.tsx(484,105): error TS17004: Cannot use JSX unless the '--jsx' flag is provided.
src/pages/admin/users/Index.tsx(488,37): error TS17004: Cannot use JSX unless the '--jsx' flag is provided.
src/pages/admin/users/Index.tsx(489,41): error TS17004: Cannot use JSX unless the '--jsx' flag is provided.
src/pages/admin/users/Index.tsx(490,41): error TS17004: Cannot use JSX unless the '--jsx' flag is provided.
src/pages/admin/users/Index.tsx(491,41): error TS17004: Cannot use JSX unless the '--jsx' flag is provided.
src/pages/admin/users/Index.tsx(492,41): error TS17004: Cannot use JSX unless the '--jsx' flag is provided.
src/pages/admin/users/Index.tsx(494,37): error TS17004: Cannot use JSX unless the '--jsx' flag is provided.
src/pages/admin/users/Index.tsx(495,41): error TS17004: Cannot use JSX unless the '--jsx' flag is provided.
src/pages/admin/users/Index.tsx(496,41): error TS17004: Cannot use JSX unless the '--jsx' flag is provided.
src/pages/admin/users/Index.tsx(497,41): error TS17004: Cannot use JSX unless the '--jsx' flag is provided.
src/pages/admin/users/Index.tsx(498,41): error TS17004: Cannot use JSX unless the '--jsx' flag is provided.
src/pages/admin/users/Index.tsx(499,41): error TS17004: Cannot use JSX unless the '--jsx' flag is provided.
src/pages/admin/users/Index.tsx(501,37): error TS17004: Cannot use JSX unless the '--jsx' flag is provided.
src/pages/admin/users/Index.tsx(502,41): error TS17004: Cannot use JSX unless the '--jsx' flag is provided.
src/pages/admin/users/Index.tsx(503,41): error TS17004: Cannot use JSX unless the '--jsx' flag is provided.
src/pages/admin/users/Index.tsx(504,41): error TS17004: Cannot use JSX unless the '--jsx' flag is provided.
src/pages/admin/users/Index.tsx(505,41): error TS17004: Cannot use JSX unless the '--jsx' flag is provided.
src/pages/admin/users/Index.tsx(507,37): error TS17004: Cannot use JSX unless the '--jsx' flag is provided.
src/pages/admin/users/Index.tsx(508,41): error TS17004: Cannot use JSX unless the '--jsx' flag is provided.
src/pages/admin/users/Index.tsx(509,41): error TS17004: Cannot use JSX unless the '--jsx' flag is provided.
src/pages/admin/users/Index.tsx(510,41): error TS17004: Cannot use JSX unless the '--jsx' flag is provided.
src/pages/admin/users/Index.tsx(511,41): error TS17004: Cannot use JSX unless the '--jsx' flag is provided.
src/pages/admin/users/Index.tsx(518,21): error TS17004: Cannot use JSX unless the '--jsx' flag is provided.
src/pages/admin/users/Index.tsx(519,25): error TS17004: Cannot use JSX unless the '--jsx' flag is provided.
src/pages/admin/users/Index.tsx(520,29): error TS17004: Cannot use JSX unless the '--jsx' flag is provided.
src/pages/admin/users/Index.tsx(521,33): error TS17004: Cannot use JSX unless the '--jsx' flag is provided.
src/pages/admin/users/Index.tsx(522,37): error TS17004: Cannot use JSX unless the '--jsx' flag is provided.
src/pages/admin/users/Index.tsx(523,41): error TS17004: Cannot use JSX unless the '--jsx' flag is provided.
src/pages/admin/users/Index.tsx(524,41): error TS17004: Cannot use JSX unless the '--jsx' flag is provided.
src/pages/admin/users/Index.tsx(525,41): error TS17004: Cannot use JSX unless the '--jsx' flag is provided.
src/pages/admin/users/Index.tsx(526,41): error TS17004: Cannot use JSX unless the '--jsx' flag is provided.
src/pages/admin/users/Index.tsx(527,41): error TS17004: Cannot use JSX unless the '--jsx' flag is provided.
src/pages/admin/users/Index.tsx(528,41): error TS17004: Cannot use JSX unless the '--jsx' flag is provided.
src/pages/admin/users/Index.tsx(531,33): error TS17004: Cannot use JSX unless the '--jsx' flag is provided.
src/pages/admin/users/Index.tsx(535,45): error TS17004: Cannot use JSX unless the '--jsx' flag is provided.
src/pages/admin/users/Index.tsx(536,49): error TS17004: Cannot use JSX unless the '--jsx' flag is provided.
src/pages/admin/users/Index.tsx(537,53): error TS17004: Cannot use JSX unless the '--jsx' flag is provided.
src/pages/admin/users/Index.tsx(538,57): error TS17004: Cannot use JSX unless the '--jsx' flag is provided.
src/pages/admin/users/Index.tsx(539,57): error TS17004: Cannot use JSX unless the '--jsx' flag is provided.
src/pages/admin/users/Index.tsx(542,49): error TS17004: Cannot use JSX unless the '--jsx' flag is provided.
src/pages/admin/users/Index.tsx(543,49): error TS17004: Cannot use JSX unless the '--jsx' flag is provided.
src/pages/admin/users/Index.tsx(544,49): error TS17004: Cannot use JSX unless the '--jsx' flag is provided.
src/pages/admin/users/Index.tsx(545,49): error TS17004: Cannot use JSX unless the '--jsx' flag is provided.
src/pages/admin/users/Index.tsx(546,49): error TS17004: Cannot use JSX unless the '--jsx' flag is provided.
src/pages/admin/users/Index.tsx(547,53): error TS17004: Cannot use JSX unless the '--jsx' flag is provided.
src/pages/admin/users/Index.tsx(552,41): error TS17004: Cannot use JSX unless the '--jsx' flag is provided.
src/pages/admin/users/Index.tsx(553,45): error TS17004: Cannot use JSX unless the '--jsx' flag is provided.
src/pages/admin/users/Index.tsx(554,49): error TS17004: Cannot use JSX unless the '--jsx' flag is provided.
src/pages/admin/users/Index.tsx(563,25): error TS17004: Cannot use JSX unless the '--jsx' flag is provided.
src/pages/admin/users/Index.tsx(564,25): error TS17004: Cannot use JSX unless the '--jsx' flag is provided.
src/pages/admin/users/Index.tsx(565,29): error TS17004: Cannot use JSX unless the '--jsx' flag is provided.
src/pages/admin/users/Index.tsx(581,13): error TS17004: Cannot use JSX unless the '--jsx' flag is provided.
src/pages/admin/users/Index.tsx(582,17): error TS17004: Cannot use JSX unless the '--jsx' flag is provided.
src/pages/admin/users/Index.tsx(585,17): error TS17004: Cannot use JSX unless the '--jsx' flag is provided.
src/pages/admin/users/Index.tsx(586,21): error TS17004: Cannot use JSX unless the '--jsx' flag is provided.
src/pages/admin/users/Index.tsx(587,25): error TS17004: Cannot use JSX unless the '--jsx' flag is provided.
src/pages/admin/users/Index.tsx(587,97): error TS17004: Cannot use JSX unless the '--jsx' flag is provided.
src/pages/admin/users/Index.tsx(591,25): error TS17004: Cannot use JSX unless the '--jsx' flag is provided.
src/pages/admin/users/Index.tsx(597,29): error TS17004: Cannot use JSX unless the '--jsx' flag is provided.
src/pages/admin/users/Index.tsx(598,29): error TS17004: Cannot use JSX unless the '--jsx' flag is provided.
src/pages/admin/users/Index.tsx(602,29): error TS17004: Cannot use JSX unless the '--jsx' flag is provided.
src/pages/admin/users/Index.tsx(603,33): error TS17004: Cannot use JSX unless the '--jsx' flag is provided.
src/pages/admin/users/Index.tsx(614,33): error TS17004: Cannot use JSX unless the '--jsx' flag is provided.
src/pages/admin/users/Index.tsx(614,60): error TS17004: Cannot use JSX unless the '--jsx' flag is provided.
src/pages/admin/users/Index.tsx(614,152): error TS17004: Cannot use JSX unless the '--jsx' flag is provided.
src/pages/admin/users/Index.tsx(616,33): error TS17004: Cannot use JSX unless the '--jsx' flag is provided.
src/pages/admin/users/Index.tsx(618,33): error TS17004: Cannot use JSX unless the '--jsx' flag is provided.
src/pages/admin/users/Index.tsx(619,37): error TS17004: Cannot use JSX unless the '--jsx' flag is provided.
src/pages/admin/users/Index.tsx(622,37): error TS17004: Cannot use JSX unless the '--jsx' flag is provided.
src/pages/admin/users/Index.tsx(625,50): error TS17004: Cannot use JSX unless the '--jsx' flag is provided.
src/pages/admin/users/Index.tsx(636,37): error TS17004: Cannot use JSX unless the '--jsx' flag is provided.
src/pages/admin/users/Index.tsx(636,66): error TS17004: Cannot use JSX unless the '--jsx' flag is provided.
src/pages/admin/users/Index.tsx(642,29): error TS17004: Cannot use JSX unless the '--jsx' flag is provided.
src/pages/admin/users/Index.tsx(643,33): error TS17004: Cannot use JSX unless the '--jsx' flag is provided.
src/pages/admin/users/Index.tsx(644,33): error TS17004: Cannot use JSX unless the '--jsx' flag is provided.
src/pages/admin/users/Index.tsx(648,33): error TS17004: Cannot use JSX unless the '--jsx' flag is provided.
src/pages/admin/users/Index.tsx(654,37): error TS17004: Cannot use JSX unless the '--jsx' flag is provided.
src/pages/admin/users/Index.tsx(655,37): error TS17004: Cannot use JSX unless the '--jsx' flag is provided.
src/pages/admin/users/Index.tsx(659,37): error TS17004: Cannot use JSX unless the '--jsx' flag is provided.
src/pages/admin/users/Index.tsx(665,72): error TS17004: Cannot use JSX unless the '--jsx' flag is provided.
src/pages/admin/users/Index.tsx(665,105): error TS17004: Cannot use JSX unless the '--jsx' flag is provided.
src/pages/admin/users/Index.tsx(670,37): error TS17004: Cannot use JSX unless the '--jsx' flag is provided.
src/pages/admin/users/Index.tsx(671,41): error TS17004: Cannot use JSX unless the '--jsx' flag is provided.
src/pages/admin/users/Index.tsx(672,41): error TS17004: Cannot use JSX unless the '--jsx' flag is provided.
src/pages/admin/users/Index.tsx(673,45): error TS17004: Cannot use JSX unless the '--jsx' flag is provided.
src/pages/admin/users/Index.tsx(673,203): error TS17004: Cannot use JSX unless the '--jsx' flag is provided.
src/pages/admin/users/Index.tsx(676,45): error TS17004: Cannot use JSX unless the '--jsx' flag is provided.
src/pages/admin/users/Index.tsx(676,183): error TS17004: Cannot use JSX unless the '--jsx' flag is provided.
src/pages/admin/users/Index.tsx(679,45): error TS17004: Cannot use JSX unless the '--jsx' flag is provided.
src/pages/admin/users/Index.tsx(681,60): error TS17004: Cannot use JSX unless the '--jsx' flag is provided.
src/pages/admin/users/Index.tsx(691,45): error TS17004: Cannot use JSX unless the '--jsx' flag is provided.
src/pages/admin/users/Index.tsx(691,187): error TS17004: Cannot use JSX unless the '--jsx' flag is provided.
src/pages/admin/users/Index.tsx(696,41): error TS17004: Cannot use JSX unless the '--jsx' flag is provided.
src/pages/admin/users/Index.tsx(702,76): error TS17004: Cannot use JSX unless the '--jsx' flag is provided.
src/pages/admin/users/Index.tsx(702,109): error TS17004: Cannot use JSX unless the '--jsx' flag is provided.
src/pages/admin/users/Index.tsx(709,33): error TS17004: Cannot use JSX unless the '--jsx' flag is provided.
src/pages/admin/users/Index.tsx(711,33): error TS17004: Cannot use JSX unless the '--jsx' flag is provided.
src/pages/admin/users/Index.tsx(712,37): error TS17004: Cannot use JSX unless the '--jsx' flag is provided.
src/pages/admin/users/Index.tsx(715,37): error TS17004: Cannot use JSX unless the '--jsx' flag is provided.
src/pages/admin/users/Index.tsx(715,97): error TS17004: Cannot use JSX unless the '--jsx' flag is provided.
src/pages/admin/users/Index.tsx(720,33): error TS17004: Cannot use JSX unless the '--jsx' flag is provided.
src/pages/admin/users/Index.tsx(730,13): error TS17004: Cannot use JSX unless the '--jsx' flag is provided.
src/pages/admin/users/Index.tsx(731,17): error TS17004: Cannot use JSX unless the '--jsx' flag is provided.
src/pages/admin/users/Index.tsx(732,17): error TS17004: Cannot use JSX unless the '--jsx' flag is provided.
src/pages/admin/users/Index.tsx(733,21): error TS17004: Cannot use JSX unless the '--jsx' flag is provided.
src/pages/admin/users/Index.tsx(734,25): error TS17004: Cannot use JSX unless the '--jsx' flag is provided.
src/pages/admin/users/Index.tsx(741,25): error TS17004: Cannot use JSX unless the '--jsx' flag is provided.
src/pages/admin/users/Index.tsx(748,25): error TS17004: Cannot use JSX unless the '--jsx' flag is provided.
src/pages/admin/users/Index.tsx(756,25): error TS17004: Cannot use JSX unless the '--jsx' flag is provided.
src/pages/admin/users/Index.tsx(757,29): error TS17004: Cannot use JSX unless the '--jsx' flag is provided.
src/pages/admin/users/Index.tsx(765,33): error TS17004: Cannot use JSX unless the '--jsx' flag is provided.
src/pages/admin/users/Index.tsx(766,33): error TS17004: Cannot use JSX unless the '--jsx' flag is provided.
src/pages/admin/users/Index.tsx(767,33): error TS17004: Cannot use JSX unless the '--jsx' flag is provided.
src/pages/admin/users/Index.tsx(768,33): error TS17004: Cannot use JSX unless the '--jsx' flag is provided.
src/pages/admin/users/Index.tsx(771,29): error TS17004: Cannot use JSX unless the '--jsx' flag is provided.
src/pages/admin/users/Index.tsx(779,33): error TS17004: Cannot use JSX unless the '--jsx' flag is provided.
src/pages/admin/users/Index.tsx(780,33): error TS17004: Cannot use JSX unless the '--jsx' flag is provided.
src/pages/admin/users/Index.tsx(781,33): error TS17004: Cannot use JSX unless the '--jsx' flag is provided.
src/pages/admin/users/Index.tsx(785,25): error TS17004: Cannot use JSX unless the '--jsx' flag is provided.
src/pages/admin/users/Index.tsx(786,38): error TS17004: Cannot use JSX unless the '--jsx' flag is provided.
src/pages/admin/users/Index.tsx(787,36): error TS17004: Cannot use JSX unless the '--jsx' flag is provided.
src/pages/admin/users/Index.tsx(790,25): error TS17004: Cannot use JSX unless the '--jsx' flag is provided.
src/pages/admin/users/Index.tsx(792,25): error TS17004: Cannot use JSX unless the '--jsx' flag is provided.
src/pages/admin/users/Index.tsx(793,29): error TS17004: Cannot use JSX unless the '--jsx' flag is provided.
src/pages/admin/users/Index.tsx(796,29): error TS17004: Cannot use JSX unless the '--jsx' flag is provided.
src/pages/admin/users/Index.tsx(804,13): error TS17004: Cannot use JSX unless the '--jsx' flag is provided.
src/pages/admin/users/Index.tsx(805,17): error TS17004: Cannot use JSX unless the '--jsx' flag is provided.
src/pages/admin/users/UserDetail.tsx(1,8): error TS1259: Module '"C:/Users/dev_fx/Desktop/all the work/evzone-myaccounts-portal/node_modules/@types/react/index"' can only be default-imported using the 'esModuleInterop' flag
src/pages/admin/users/UserDetail.tsx(140,9): error TS17004: Cannot use JSX unless the '--jsx' flag is provided.
src/pages/admin/users/UserDetail.tsx(141,13): error TS17004: Cannot use JSX unless the '--jsx' flag is provided.
src/pages/admin/users/UserDetail.tsx(144,13): error TS17004: Cannot use JSX unless the '--jsx' flag is provided.
src/pages/admin/users/UserDetail.tsx(145,17): error TS17004: Cannot use JSX unless the '--jsx' flag is provided.
src/pages/admin/users/UserDetail.tsx(146,17): error TS17004: Cannot use JSX unless the '--jsx' flag is provided.
src/pages/admin/users/UserDetail.tsx(295,16): error TS17004: Cannot use JSX unless the '--jsx' flag is provided.
src/pages/admin/users/UserDetail.tsx(299,16): error TS17004: Cannot use JSX unless the '--jsx' flag is provided.
src/pages/admin/users/UserDetail.tsx(303,16): error TS17004: Cannot use JSX unless the '--jsx' flag is provided.
src/pages/admin/users/UserDetail.tsx(307,16): error TS17004: Cannot use JSX unless the '--jsx' flag is provided.
src/pages/admin/users/UserDetail.tsx(312,13): error TS17004: Cannot use JSX unless the '--jsx' flag is provided.
src/pages/admin/users/UserDetail.tsx(313,17): error TS17004: Cannot use JSX unless the '--jsx' flag is provided.
src/pages/admin/users/UserDetail.tsx(314,17): error TS17004: Cannot use JSX unless the '--jsx' flag is provided.
src/pages/admin/users/UserDetail.tsx(320,9): error TS17004: Cannot use JSX unless the '--jsx' flag is provided.
src/pages/admin/users/UserDetail.tsx(321,13): error TS17004: Cannot use JSX unless the '--jsx' flag is provided.
src/pages/admin/users/UserDetail.tsx(322,17): error TS17004: Cannot use JSX unless the '--jsx' flag is provided.
src/pages/admin/users/UserDetail.tsx(323,21): error TS17004: Cannot use JSX unless the '--jsx' flag is provided.
src/pages/admin/users/UserDetail.tsx(324,25): error TS17004: Cannot use JSX unless the '--jsx' flag is provided.
src/pages/admin/users/UserDetail.tsx(325,29): error TS17004: Cannot use JSX unless the '--jsx' flag is provided.
src/pages/admin/users/UserDetail.tsx(326,33): error TS17004: Cannot use JSX unless the '--jsx' flag is provided.
src/pages/admin/users/UserDetail.tsx(327,37): error TS17004: Cannot use JSX unless the '--jsx' flag is provided.
src/pages/admin/users/UserDetail.tsx(328,41): error TS17004: Cannot use JSX unless the '--jsx' flag is provided.
src/pages/admin/users/UserDetail.tsx(330,37): error TS17004: Cannot use JSX unless the '--jsx' flag is provided.
src/pages/admin/users/UserDetail.tsx(331,41): error TS17004: Cannot use JSX unless the '--jsx' flag is provided.
src/pages/admin/users/UserDetail.tsx(332,41): error TS17004: Cannot use JSX unless the '--jsx' flag is provided.
src/pages/admin/users/UserDetail.tsx(335,41): error TS17004: Cannot use JSX unless the '--jsx' flag is provided.
src/pages/admin/users/UserDetail.tsx(336,45): error TS17004: Cannot use JSX unless the '--jsx' flag is provided.
src/pages/admin/users/UserDetail.tsx(337,45): error TS17004: Cannot use JSX unless the '--jsx' flag is provided.
src/pages/admin/users/UserDetail.tsx(338,45): error TS17004: Cannot use JSX unless the '--jsx' flag is provided.
src/pages/admin/users/UserDetail.tsx(339,45): error TS17004: Cannot use JSX unless the '--jsx' flag is provided.
src/pages/admin/users/UserDetail.tsx(344,33): error TS17004: Cannot use JSX unless the '--jsx' flag is provided.
src/pages/admin/users/UserDetail.tsx(345,37): error TS17004: Cannot use JSX unless the '--jsx' flag is provided.
src/pages/admin/users/UserDetail.tsx(345,95): error TS17004: Cannot use JSX unless the '--jsx' flag is provided.
src/pages/admin/users/UserDetail.tsx(348,37): error TS17004: Cannot use JSX unless the '--jsx' flag is provided.
src/pages/admin/users/UserDetail.tsx(352,41): error TS17004: Cannot use JSX unless the '--jsx' flag is provided.
src/pages/admin/users/UserDetail.tsx(352,101): error TS17004: Cannot use JSX unless the '--jsx' flag is provided.
src/pages/admin/users/UserDetail.tsx(356,41): error TS17004: Cannot use JSX unless the '--jsx' flag is provided.
src/pages/admin/users/UserDetail.tsx(356,101): error TS17004: Cannot use JSX unless the '--jsx' flag is provided.
src/pages/admin/users/UserDetail.tsx(363,29): error TS17004: Cannot use JSX unless the '--jsx' flag is provided.
src/pages/admin/users/UserDetail.tsx(365,29): error TS17004: Cannot use JSX unless the '--jsx' flag is provided.
src/pages/admin/users/UserDetail.tsx(365,95): error TS17004: Cannot use JSX unless the '--jsx' flag is provided.
src/pages/admin/users/UserDetail.tsx(372,17): error TS17004: Cannot use JSX unless the '--jsx' flag is provided.
src/pages/admin/users/UserDetail.tsx(373,21): error TS17004: Cannot use JSX unless the '--jsx' flag is provided.
src/pages/admin/users/UserDetail.tsx(374,25): error TS17004: Cannot use JSX unless the '--jsx' flag is provided.
src/pages/admin/users/UserDetail.tsx(375,29): error TS17004: Cannot use JSX unless the '--jsx' flag is provided.
src/pages/admin/users/UserDetail.tsx(376,33): error TS17004: Cannot use JSX unless the '--jsx' flag is provided.
src/pages/admin/users/UserDetail.tsx(377,37): error TS17004: Cannot use JSX unless the '--jsx' flag is provided.
src/pages/admin/users/UserDetail.tsx(378,37): error TS17004: Cannot use JSX unless the '--jsx' flag is provided.
src/pages/admin/users/UserDetail.tsx(380,37): error TS17004: Cannot use JSX unless the '--jsx' flag is provided.
src/pages/admin/users/UserDetail.tsx(380,92): error TS17004: Cannot use JSX unless the '--jsx' flag is provided.
src/pages/admin/users/UserDetail.tsx(381,37): error TS17004: Cannot use JSX unless the '--jsx' flag is provided.
src/pages/admin/users/UserDetail.tsx(381,92): error TS17004: Cannot use JSX unless the '--jsx' flag is provided.
src/pages/admin/users/UserDetail.tsx(382,37): error TS17004: Cannot use JSX unless the '--jsx' flag is provided.
src/pages/admin/users/UserDetail.tsx(382,118): error TS17004: Cannot use JSX unless the '--jsx' flag is provided.
src/pages/admin/users/UserDetail.tsx(383,37): error TS17004: Cannot use JSX unless the '--jsx' flag is provided.
src/pages/admin/users/UserDetail.tsx(383,105): error TS17004: Cannot use JSX unless the '--jsx' flag is provided.
src/pages/admin/users/UserDetail.tsx(384,37): error TS17004: Cannot use JSX unless the '--jsx' flag is provided.
src/pages/admin/users/UserDetail.tsx(384,124): error TS17004: Cannot use JSX unless the '--jsx' flag is provided.
src/pages/admin/users/UserDetail.tsx(386,37): error TS17004: Cannot use JSX unless the '--jsx' flag is provided.
src/pages/admin/users/UserDetail.tsx(388,37): error TS17004: Cannot use JSX unless the '--jsx' flag is provided.
src/pages/admin/users/UserDetail.tsx(389,37): error TS17004: Cannot use JSX unless the '--jsx' flag is provided.
src/pages/admin/users/UserDetail.tsx(390,41): error TS17004: Cannot use JSX unless the '--jsx' flag is provided.
src/pages/admin/users/UserDetail.tsx(391,41): error TS17004: Cannot use JSX unless the '--jsx' flag is provided.
src/pages/admin/users/UserDetail.tsx(398,21): error TS17004: Cannot use JSX unless the '--jsx' flag is provided.
src/pages/admin/users/UserDetail.tsx(399,25): error TS17004: Cannot use JSX unless the '--jsx' flag is provided.
src/pages/admin/users/UserDetail.tsx(401,29): error TS17004: Cannot use JSX unless the '--jsx' flag is provided.
src/pages/admin/users/UserDetail.tsx(402,33): error TS17004: Cannot use JSX unless the '--jsx' flag is provided.
src/pages/admin/users/UserDetail.tsx(403,37): error TS17004: Cannot use JSX unless the '--jsx' flag is provided.
src/pages/admin/users/UserDetail.tsx(404,37): error TS17004: Cannot use JSX unless the '--jsx' flag is provided.
src/pages/admin/users/UserDetail.tsx(405,37): error TS17004: Cannot use JSX unless the '--jsx' flag is provided.
src/pages/admin/users/UserDetail.tsx(416,13): error TS17004: Cannot use JSX unless the '--jsx' flag is provided.
src/pages/admin/users/UserDetail.tsx(417,17): error TS17004: Cannot use JSX unless the '--jsx' flag is provided.
src/pages/admin/users/UserDetail.tsx(420,17): error TS17004: Cannot use JSX unless the '--jsx' flag is provided.
src/pages/admin/users/UserDetail.tsx(422,21): error TS17004: Cannot use JSX unless the '--jsx' flag is provided.
src/pages/admin/users/UserDetail.tsx(424,29): error TS17004: Cannot use JSX unless the '--jsx' flag is provided.
src/pages/admin/users/UserDetail.tsx(425,33): error TS17004: Cannot use JSX unless the '--jsx' flag is provided.
src/pages/admin/users/UserDetail.tsx(435,33): error TS17004: Cannot use JSX unless the '--jsx' flag is provided.
src/pages/admin/users/UserDetail.tsx(439,29): error TS17004: Cannot use JSX unless the '--jsx' flag is provided.
src/pages/admin/users/UserDetail.tsx(440,33): error TS17004: Cannot use JSX unless the '--jsx' flag is provided.
src/pages/admin/users/UserDetail.tsx(441,33): error TS17004: Cannot use JSX unless the '--jsx' flag is provided.
src/pages/admin/users/UserDetail.tsx(448,33): error TS17004: Cannot use JSX unless the '--jsx' flag is provided.
src/pages/admin/users/UserDetail.tsx(452,29): error TS17004: Cannot use JSX unless the '--jsx' flag is provided.
src/pages/admin/users/UserDetail.tsx(453,48): error TS17004: Cannot use JSX unless the '--jsx' flag is provided.
src/pages/admin/users/UserDetail.tsx(460,13): error TS17004: Cannot use JSX unless the '--jsx' flag is provided.
src/pages/admin/users/UserDetail.tsx(461,17): error TS17004: Cannot use JSX unless the '--jsx' flag is provided.
src/pages/admin/users/UserSessions.tsx(1,8): error TS1259: Module '"C:/Users/dev_fx/Desktop/all the work/evzone-myaccounts-portal/node_modules/@types/react/index"' can only be default-imported using the 'esModuleInterop' flag
src/pages/admin/users/UserSessions.tsx(14,9): error TS17004: Cannot use JSX unless the '--jsx' flag is provided.
src/pages/admin/users/UserSessions.tsx(15,13): error TS17004: Cannot use JSX unless the '--jsx' flag is provided.
src/pages/admin/users/UserSessions.tsx(16,17): error TS17004: Cannot use JSX unless the '--jsx' flag is provided.
src/pages/admin/users/UserSessions.tsx(17,32): error TS17004: Cannot use JSX unless the '--jsx' flag is provided.
src/pages/admin/users/UserSessions.tsx(23,17): error TS17004: Cannot use JSX unless the '--jsx' flag is provided.
src/pages/admin/users/UserSessions.tsx(26,17): error TS17004: Cannot use JSX unless the '--jsx' flag is provided.
src/pages/admin/users/UserSessions.tsx(31,13): error TS17004: Cannot use JSX unless the '--jsx' flag is provided.
src/pages/admin/users/UserSessions.tsx(32,17): error TS17004: Cannot use JSX unless the '--jsx' flag is provided.
src/utils/api.ts(4,17): error TS1343: The 'import.meta' meta-property is only allowed when the '--module' option is 'es2020', 'es2022', 'esnext', 'system', 'node16', 'node18', 'node20', or 'nodenext'.
src/utils/api.ts(4,29): error TS2339: Property 'env' does not exist on type 'ImportMeta'.
